Archive member included because of file (symbol)

c:/winavr-20100110/bin/../lib/gcc/avr/4.3.3/avr4\libgcc.a(_udivmodqi4.o)
                              ./main.o (__udivmodqi4)
c:/winavr-20100110/bin/../lib/gcc/avr/4.3.3/avr4\libgcc.a(_udivmodhi4.o)
                              ./I2C_TWI/i2c_twi.o (__udivmodhi4)
c:/winavr-20100110/bin/../lib/gcc/avr/4.3.3/avr4\libgcc.a(_exit.o)
                              c:/winavr-20100110/bin/../lib/gcc/avr/4.3.3/../../../../avr/lib/avr4/crtm8.o (exit)
c:/winavr-20100110/bin/../lib/gcc/avr/4.3.3/avr4\libgcc.a(_copy_data.o)
                              ./main.o (__do_copy_data)
c:/winavr-20100110/bin/../lib/gcc/avr/4.3.3/avr4\libgcc.a(_clear_bss.o)
                              ./main.o (__do_clear_bss)
c:/winavr-20100110/bin/../lib/gcc/avr/4.3.3/../../../../avr/lib/avr4\libc.a(itoa.o)
                              ./LCD_ATM8/lcd44780.o (itoa)
c:/winavr-20100110/bin/../lib/gcc/avr/4.3.3/../../../../avr/lib/avr4\libc.a(eerd_byte_atmega8.o)
                              ./LCD_ATM8/lcd44780.o (__eerd_byte_m8)
c:/winavr-20100110/bin/../lib/gcc/avr/4.3.3/../../../../avr/lib/avr4\libc.a(strrev.o)
                              c:/winavr-20100110/bin/../lib/gcc/avr/4.3.3/../../../../avr/lib/avr4\libc.a(itoa.o) (strrev)

Allocating common symbols
Common symbol       size              file

PRIORYTET           0x1               ./main.o
Timer3              0x2               ./main.o
godziny             0x1               ./main.o
sekundy             0x1               ./main.o
godziny1            0x1               ./main.o
godziny3            0x1               ./main.o
jasnosc1            0x1               ./main.o
minuty3             0x1               ./main.o
godziny3k           0x1               ./main.o
minuty3k            0x1               ./main.o
godziny1k           0x1               ./main.o
minuty1k            0x1               ./main.o
bufor               0x4               ./main.o
godziny2k           0x1               ./main.o
Timer2              0x2               ./main.o
godziny2            0x1               ./main.o
minuty2             0x1               ./main.o
jasnosc2            0x1               ./main.o
Timer1              0x2               ./main.o
minuty              0x1               ./main.o
keylock             0x1               ./main.o
jasnosc3            0x1               ./main.o
minuty2k            0x1               ./main.o
minuty1             0x1               ./main.o

Memory Configuration

Name             Origin             Length             Attributes
text             0x00000000         0x00002000         xr
data             0x00800060         0x0000ffa0         rw !x
eeprom           0x00810000         0x00010000         rw !x
fuse             0x00820000         0x00000400         rw !x
lock             0x00830000         0x00000400         rw !x
signature        0x00840000         0x00000400         rw !x
*default*        0x00000000         0xffffffff

Linker script and memory map

LOAD c:/winavr-20100110/bin/../lib/gcc/avr/4.3.3/../../../../avr/lib/avr4/crtm8.o
LOAD ./main.o
LOAD ./LCD_ATM8/lcd44780.o
LOAD ./I2C_TWI/i2c_twi.o
LOAD c:/winavr-20100110/bin/../lib/gcc/avr/4.3.3/avr4\libgcc.a
LOAD c:/winavr-20100110/bin/../lib/gcc/avr/4.3.3/../../../../avr/lib/avr4\libc.a
LOAD c:/winavr-20100110/bin/../lib/gcc/avr/4.3.3/avr4\libgcc.a

.hash
 *(.hash)

.dynsym
 *(.dynsym)

.dynstr
 *(.dynstr)

.gnu.version
 *(.gnu.version)

.gnu.version_d
 *(.gnu.version_d)

.gnu.version_r
 *(.gnu.version_r)

.rel.init
 *(.rel.init)

.rela.init
 *(.rela.init)

.rel.text
 *(.rel.text)
 *(.rel.text.*)
 *(.rel.gnu.linkonce.t*)

.rela.text
 *(.rela.text)
 *(.rela.text.*)
 *(.rela.gnu.linkonce.t*)

.rel.fini
 *(.rel.fini)

.rela.fini
 *(.rela.fini)

.rel.rodata
 *(.rel.rodata)
 *(.rel.rodata.*)
 *(.rel.gnu.linkonce.r*)

.rela.rodata
 *(.rela.rodata)
 *(.rela.rodata.*)
 *(.rela.gnu.linkonce.r*)

.rel.data
 *(.rel.data)
 *(.rel.data.*)
 *(.rel.gnu.linkonce.d*)

.rela.data
 *(.rela.data)
 *(.rela.data.*)
 *(.rela.gnu.linkonce.d*)

.rel.ctors
 *(.rel.ctors)

.rela.ctors
 *(.rela.ctors)

.rel.dtors
 *(.rel.dtors)

.rela.dtors
 *(.rela.dtors)

.rel.got
 *(.rel.got)

.rela.got
 *(.rela.got)

.rel.bss
 *(.rel.bss)

.rela.bss
 *(.rela.bss)

.rel.plt
 *(.rel.plt)

.rela.plt
 *(.rela.plt)

.text           0x00000000     0x1976
 *(.vectors)
 .vectors       0x00000000       0x26 c:/winavr-20100110/bin/../lib/gcc/avr/4.3.3/../../../../avr/lib/avr4/crtm8.o
                0x00000000                __vectors
                0x00000000                __vector_default
 *(.vectors)
 *(.progmem.gcc*)
 *(.progmem*)
 .progmem.data  0x00000026      0x198 ./main.o
                0x00000136                M_2_2a
                0x000000e1                M_1_1b
                0x000000bf                M_1_0b
                0x000000f2                M_2_0a
                0x0000006a                M_0_2a
                0x00000169                M_2_3b
                0x00000114                M_2_1a
                0x0000017a                M_2_4a
                0x0000008c                M_0_3a
                0x000001ad                M_2_5b
                0x00000125                M_2_1b
                0x0000018b                M_2_4b
                0x00000103                M_2_0b
                0x000000ae                M_1_0a
                0x0000007b                M_0_2b
                0x00000059                M_0_1b
                0x000000d0                M_1_1a
                0x00000147                M_2_2b
                0x0000009d                M_0_3b
                0x0000019c                M_2_5a
                0x00000026                M_0_0a
                0x00000158                M_2_3a
                0x00000048                M_0_1a
                0x00000037                M_0_0b
                0x000001be                . = ALIGN (0x2)
                0x000001be                __trampolines_start = .
 *(.trampolines)
 .trampolines   0x000001be        0x0 linker stubs
 *(.trampolines*)
                0x000001be                __trampolines_end = .
 *(.jumptables)
 *(.jumptables*)
 *(.lowtext)
 *(.lowtext*)
                0x000001be                __ctors_start = .
 *(.ctors)
                0x000001be                __ctors_end = .
                0x000001be                __dtors_start = .
 *(.dtors)
                0x000001be                __dtors_end = .
 SORT(*)(.ctors)
 SORT(*)(.dtors)
 *(.init0)
 .init0         0x000001be        0x0 c:/winavr-20100110/bin/../lib/gcc/avr/4.3.3/../../../../avr/lib/avr4/crtm8.o
                0x000001be                __init
 *(.init0)
 *(.init1)
 *(.init1)
 *(.init2)
 .init2         0x000001be        0xc c:/winavr-20100110/bin/../lib/gcc/avr/4.3.3/../../../../avr/lib/avr4/crtm8.o
 *(.init2)
 *(.init3)
 *(.init3)
 *(.init4)
 .init4         0x000001ca       0x16 c:/winavr-20100110/bin/../lib/gcc/avr/4.3.3/avr4\libgcc.a(_copy_data.o)
                0x000001ca                __do_copy_data
 .init4         0x000001e0       0x10 c:/winavr-20100110/bin/../lib/gcc/avr/4.3.3/avr4\libgcc.a(_clear_bss.o)
                0x000001e0                __do_clear_bss
 *(.init4)
 *(.init5)
 *(.init5)
 *(.init6)
 *(.init6)
 *(.init7)
 *(.init7)
 *(.init8)
 *(.init8)
 *(.init9)
 .init9         0x000001f0        0x4 c:/winavr-20100110/bin/../lib/gcc/avr/4.3.3/../../../../avr/lib/avr4/crtm8.o
 *(.init9)
 *(.text)
 .text          0x000001f4        0x2 c:/winavr-20100110/bin/../lib/gcc/avr/4.3.3/../../../../avr/lib/avr4/crtm8.o
                0x000001f4                __vector_12
                0x000001f4                __bad_interrupt
                0x000001f4                __vector_6
                0x000001f4                __vector_11
                0x000001f4                __vector_13
                0x000001f4                __vector_17
                0x000001f4                __vector_7
                0x000001f4                __vector_5
                0x000001f4                __vector_4
                0x000001f4                __vector_9
                0x000001f4                __vector_2
                0x000001f4                __vector_15
                0x000001f4                __vector_8
                0x000001f4                __vector_14
                0x000001f4                __vector_10
                0x000001f4                __vector_16
                0x000001f4                __vector_18
 .text          0x000001f6     0x1306 ./main.o
                0x000005c4                __vector_1
                0x0000032a                oswietlenie_2
                0x0000024e                oswietlenie_1
                0x00001228                ust_jas_2
                0x00000566                __vector_3
                0x000007a4                wysw_czas
                0x00000a6a                ust_zak_3
                0x0000112a                ust_jas_3
                0x0000055e                oswietlenie
                0x00000846                set_time
                0x00000caa                ust_zak_2
                0x0000065e                change_menu
                0x000001f6                keyread
                0x000004e2                priorytety
                0x00001424                main
                0x0000021c                dec2bcd
                0x0000021a                IDLE
                0x0000088e                ust_czas
                0x00001326                ust_jas_1
                0x00000780                obsluga_menu
                0x0000023a                bcd2dec
                0x00000eea                ust_zak_1
                0x00000406                oswietlenie_3
 .text          0x000014fc      0x2b0 ./LCD_ATM8/lcd44780.o
                0x0000168e                lcd_blink_on
                0x00001676                lcd_cls
                0x0000156e                _lcd_write_byte
                0x00001668                lcd_locate
                0x000015a4                lcd_char
                0x0000162c                lcd_defchar_P
                0x00001568                check_BF
                0x00001682                lcd_cursor_on
                0x00001716                lcd_defchar_E
                0x0000167c                lcd_home
                0x000015b4                lcd_str
                0x00001598                lcd_write_cmd
                0x00001750                lcd_str_E
                0x00001600                lcd_defchar
                0x000015d6                lcd_str_P
                0x0000169a                lcd_init
                0x00001778                lcd_int
                0x0000159e                lcd_write_data
                0x00001688                lcd_cursor_off
                0x00001544                _lcd_read_byte
                0x00001694                lcd_blink_off
 .text          0x000017ac      0x118 ./I2C_TWI/i2c_twi.o
                0x000017e0                TWI_write
                0x000017c8                TWI_start
                0x000017ee                TWI_read
                0x00001850                TWI_read_buf
                0x000017d4                TWI_stop
                0x000017ac                i2cSetBitrate
                0x00001804                TWI_write_buf
 .text          0x000018c4        0x0 c:/winavr-20100110/bin/../lib/gcc/avr/4.3.3/avr4\libgcc.a(_udivmodqi4.o)
 .text          0x000018c4        0x0 c:/winavr-20100110/bin/../lib/gcc/avr/4.3.3/avr4\libgcc.a(_udivmodhi4.o)
 .text          0x000018c4        0x0 c:/winavr-20100110/bin/../lib/gcc/avr/4.3.3/avr4\libgcc.a(_exit.o)
 .text          0x000018c4        0x0 c:/winavr-20100110/bin/../lib/gcc/avr/4.3.3/avr4\libgcc.a(_copy_data.o)
 .text          0x000018c4        0x0 c:/winavr-20100110/bin/../lib/gcc/avr/4.3.3/avr4\libgcc.a(_clear_bss.o)
 .text          0x000018c4        0x0 c:/winavr-20100110/bin/../lib/gcc/avr/4.3.3/../../../../avr/lib/avr4\libc.a(itoa.o)
 .text          0x000018c4        0x0 c:/winavr-20100110/bin/../lib/gcc/avr/4.3.3/../../../../avr/lib/avr4\libc.a(eerd_byte_atmega8.o)
 .text          0x000018c4        0x0 c:/winavr-20100110/bin/../lib/gcc/avr/4.3.3/../../../../avr/lib/avr4\libc.a(strrev.o)
                0x000018c4                . = ALIGN (0x2)
 *(.text.*)
 .text.libgcc   0x000018c4       0x18 c:/winavr-20100110/bin/../lib/gcc/avr/4.3.3/avr4\libgcc.a(_udivmodqi4.o)
                0x000018c4                __udivmodqi4
 .text.libgcc   0x000018dc       0x28 c:/winavr-20100110/bin/../lib/gcc/avr/4.3.3/avr4\libgcc.a(_udivmodhi4.o)
                0x000018dc                __udivmodhi4
 .text.libgcc   0x00001904        0x0 c:/winavr-20100110/bin/../lib/gcc/avr/4.3.3/avr4\libgcc.a(_exit.o)
 .text.libgcc   0x00001904        0x0 c:/winavr-20100110/bin/../lib/gcc/avr/4.3.3/avr4\libgcc.a(_copy_data.o)
 .text.libgcc   0x00001904        0x0 c:/winavr-20100110/bin/../lib/gcc/avr/4.3.3/avr4\libgcc.a(_clear_bss.o)
 .text.avr-libc
                0x00001904       0x3e c:/winavr-20100110/bin/../lib/gcc/avr/4.3.3/../../../../avr/lib/avr4\libc.a(itoa.o)
                0x00001904                itoa
 .text.avr-libc
                0x00001942       0x10 c:/winavr-20100110/bin/../lib/gcc/avr/4.3.3/../../../../avr/lib/avr4\libc.a(eerd_byte_atmega8.o)
                0x00001942                __eerd_byte_m8
 .text.avr-libc
                0x00001952       0x20 c:/winavr-20100110/bin/../lib/gcc/avr/4.3.3/../../../../avr/lib/avr4\libc.a(strrev.o)
                0x00001952                strrev
                0x00001972                . = ALIGN (0x2)
 *(.fini9)
 .fini9         0x00001972        0x0 c:/winavr-20100110/bin/../lib/gcc/avr/4.3.3/avr4\libgcc.a(_exit.o)
                0x00001972                exit
                0x00001972                _exit
 *(.fini9)
 *(.fini8)
 *(.fini8)
 *(.fini7)
 *(.fini7)
 *(.fini6)
 *(.fini6)
 *(.fini5)
 *(.fini5)
 *(.fini4)
 *(.fini4)
 *(.fini3)
 *(.fini3)
 *(.fini2)
 *(.fini2)
 *(.fini1)
 *(.fini1)
 *(.fini0)
 .fini0         0x00001972        0x4 c:/winavr-20100110/bin/../lib/gcc/avr/4.3.3/avr4\libgcc.a(_exit.o)
 *(.fini0)
                0x00001976                _etext = .

.data           0x00800060      0x16a load address 0x00001976
                0x00800060                PROVIDE (__data_start, .)
 *(.data)
 .data          0x00800060        0x0 c:/winavr-20100110/bin/../lib/gcc/avr/4.3.3/../../../../avr/lib/avr4/crtm8.o
 .data          0x00800060      0x16a ./main.o
                0x008000f9                menu
                0x008000f7                fastar
                0x008000f8                slowar
                0x008000f6                int0_flag
 .data          0x008001ca        0x0 ./LCD_ATM8/lcd44780.o
 .data          0x008001ca        0x0 ./I2C_TWI/i2c_twi.o
 .data          0x008001ca        0x0 c:/winavr-20100110/bin/../lib/gcc/avr/4.3.3/avr4\libgcc.a(_udivmodqi4.o)
 .data          0x008001ca        0x0 c:/winavr-20100110/bin/../lib/gcc/avr/4.3.3/avr4\libgcc.a(_udivmodhi4.o)
 .data          0x008001ca        0x0 c:/winavr-20100110/bin/../lib/gcc/avr/4.3.3/avr4\libgcc.a(_exit.o)
 .data          0x008001ca        0x0 c:/winavr-20100110/bin/../lib/gcc/avr/4.3.3/avr4\libgcc.a(_copy_data.o)
 .data          0x008001ca        0x0 c:/winavr-20100110/bin/../lib/gcc/avr/4.3.3/avr4\libgcc.a(_clear_bss.o)
 .data          0x008001ca        0x0 c:/winavr-20100110/bin/../lib/gcc/avr/4.3.3/../../../../avr/lib/avr4\libc.a(itoa.o)
 .data          0x008001ca        0x0 c:/winavr-20100110/bin/../lib/gcc/avr/4.3.3/../../../../avr/lib/avr4\libc.a(eerd_byte_atmega8.o)
 .data          0x008001ca        0x0 c:/winavr-20100110/bin/../lib/gcc/avr/4.3.3/../../../../avr/lib/avr4\libc.a(strrev.o)
 *(.data*)
 *(.rodata)
 *(.rodata*)
 *(.gnu.linkonce.d*)
                0x008001ca                . = ALIGN (0x2)
                0x008001ca                _edata = .
                0x008001ca                PROVIDE (__data_end, .)

.bss            0x008001ca       0x24
                0x008001ca                PROVIDE (__bss_start, .)
 *(.bss)
 .bss           0x008001ca        0x0 c:/winavr-20100110/bin/../lib/gcc/avr/4.3.3/../../../../avr/lib/avr4/crtm8.o
 .bss           0x008001ca        0x6 ./main.o
                0x008001cb                menu_event
                0x008001ca                current_menu
 .bss           0x008001d0        0x0 ./LCD_ATM8/lcd44780.o
 .bss           0x008001d0        0x0 ./I2C_TWI/i2c_twi.o
 .bss           0x008001d0        0x0 c:/winavr-20100110/bin/../lib/gcc/avr/4.3.3/avr4\libgcc.a(_udivmodqi4.o)
 .bss           0x008001d0        0x0 c:/winavr-20100110/bin/../lib/gcc/avr/4.3.3/avr4\libgcc.a(_udivmodhi4.o)
 .bss           0x008001d0        0x0 c:/winavr-20100110/bin/../lib/gcc/avr/4.3.3/avr4\libgcc.a(_exit.o)
 .bss           0x008001d0        0x0 c:/winavr-20100110/bin/../lib/gcc/avr/4.3.3/avr4\libgcc.a(_copy_data.o)
 .bss           0x008001d0        0x0 c:/winavr-20100110/bin/../lib/gcc/avr/4.3.3/avr4\libgcc.a(_clear_bss.o)
 .bss           0x008001d0        0x0 c:/winavr-20100110/bin/../lib/gcc/avr/4.3.3/../../../../avr/lib/avr4\libc.a(itoa.o)
 .bss           0x008001d0        0x0 c:/winavr-20100110/bin/../lib/gcc/avr/4.3.3/../../../../avr/lib/avr4\libc.a(eerd_byte_atmega8.o)
 .bss           0x008001d0        0x0 c:/winavr-20100110/bin/../lib/gcc/avr/4.3.3/../../../../avr/lib/avr4\libc.a(strrev.o)
 *(.bss*)
 *(COMMON)
 COMMON         0x008001d0       0x1e ./main.o
                0x008001d0                PRIORYTET
                0x008001d1                Timer3
                0x008001d3                godziny
                0x008001d4                sekundy
                0x008001d5                godziny1
                0x008001d6                godziny3
                0x008001d7                jasnosc1
                0x008001d8                minuty3
                0x008001d9                godziny3k
                0x008001da                minuty3k
                0x008001db                godziny1k
                0x008001dc                minuty1k
                0x008001dd                bufor
                0x008001e1                godziny2k
                0x008001e2                Timer2
                0x008001e4                godziny2
                0x008001e5                minuty2
                0x008001e6                jasnosc2
                0x008001e7                Timer1
                0x008001e9                minuty
                0x008001ea                keylock
                0x008001eb                jasnosc3
                0x008001ec                minuty2k
                0x008001ed                minuty1
                0x008001ee                PROVIDE (__bss_end, .)
                0x00001976                __data_load_start = LOADADDR (.data)
                0x00001ae0                __data_load_end = (__data_load_start + SIZEOF (.data))

.noinit         0x008001ee        0x0
                0x008001ee                PROVIDE (__noinit_start, .)
 *(.noinit*)
                0x008001ee                PROVIDE (__noinit_end, .)
                0x008001ee                _end = .
                0x008001ee                PROVIDE (__heap_start, .)

.eeprom         0x00810000        0x0
 *(.eeprom*)
                0x00810000                __eeprom_end = .

.fuse
 *(.fuse)
 *(.lfuse)
 *(.hfuse)
 *(.efuse)

.lock
 *(.lock*)

.signature
 *(.signature*)

.stab
 *(.stab)

.stabstr
 *(.stabstr)

.stab.excl
 *(.stab.excl)

.stab.exclstr
 *(.stab.exclstr)

.stab.index
 *(.stab.index)

.stab.indexstr
 *(.stab.indexstr)

.comment
 *(.comment)

.debug
 *(.debug)

.line
 *(.line)

.debug_srcinfo
 *(.debug_srcinfo)

.debug_sfnames
 *(.debug_sfnames)

.debug_aranges
 *(.debug_aranges)

.debug_pubnames
 *(.debug_pubnames)

.debug_info
 *(.debug_info)
 *(.gnu.linkonce.wi.*)

.debug_abbrev
 *(.debug_abbrev)

.debug_line
 *(.debug_line)

.debug_frame
 *(.debug_frame)

.debug_str
 *(.debug_str)

.debug_loc
 *(.debug_loc)

.debug_macinfo
 *(.debug_macinfo)
OUTPUT(A_008_MAZUREK_AT8_v1.1.elf elf32-avr)
LOAD linker stubs
